npm warn ERESOLVE overriding peer dependency
npm warn While resolving: @napi-rs/wasm-runtime@1.2.0
npm warn Found: @emnapi/core@1.11.1
npm warn node_modules/@rolldown/binding-wasm32-wasi/node_modules/@emnapi/core
npm warn   @emnapi/core@"1.11.1" from @rolldown/binding-wasm32-wasi@1.1.5
npm warn   node_modules/@rolldown/binding-wasm32-wasi
npm warn     optional @rolldown/binding-wasm32-wasi@"1.1.5" from rolldown@1.1.5
npm warn     node_modules/rolldown
npm warn
npm warn Could not resolve dependency:
npm warn peer @emnapi/core@"^2.0.0-alpha.3" from @napi-rs/wasm-runtime@1.2.0
npm warn node_modules/@rolldown/binding-wasm32-wasi/node_modules/@napi-rs/wasm-runtime
npm warn   @napi-rs/wasm-runtime@"^1.1.6" from @rolldown/binding-wasm32-wasi@1.1.5
npm warn   node_modules/@rolldown/binding-wasm32-wasi
npm warn
npm warn Conflicting peer dependency: @emnapi/core@2.0.0-alpha.3
npm warn node_modules/@emnapi/core
npm warn   peer @emnapi/core@"^2.0.0-alpha.3" from @napi-rs/wasm-runtime@1.2.0
npm warn   node_modules/@rolldown/binding-wasm32-wasi/node_modules/@napi-rs/wasm-runtime
npm warn     @napi-rs/wasm-runtime@"^1.1.6" from @rolldown/binding-wasm32-wasi@1.1.5
npm warn     node_modules/@rolldown/binding-wasm32-wasi
npm warn ERESOLVE overriding peer dependency
npm warn While resolving: @napi-rs/wasm-runtime@1.2.0
npm warn Found: @emnapi/runtime@1.11.1
npm warn node_modules/@rolldown/binding-wasm32-wasi/node_modules/@emnapi/runtime
npm warn   @emnapi/runtime@"1.11.1" from @rolldown/binding-wasm32-wasi@1.1.5
npm warn   node_modules/@rolldown/binding-wasm32-wasi
npm warn     optional @rolldown/binding-wasm32-wasi@"1.1.5" from rolldown@1.1.5
npm warn     node_modules/rolldown
npm warn
npm warn Could not resolve dependency:
npm warn peer @emnapi/runtime@"^2.0.0-alpha.3" from @napi-rs/wasm-runtime@1.2.0
npm warn node_modules/@rolldown/binding-wasm32-wasi/node_modules/@napi-rs/wasm-runtime
npm warn   @napi-rs/wasm-runtime@"^1.1.6" from @rolldown/binding-wasm32-wasi@1.1.5
npm warn   node_modules/@rolldown/binding-wasm32-wasi
npm warn
npm warn Conflicting peer dependency: @emnapi/runtime@2.0.0-alpha.3
npm warn node_modules/@emnapi/runtime
npm warn   peer @emnapi/runtime@"^2.0.0-alpha.3" from @napi-rs/wasm-runtime@1.2.0
npm warn   node_modules/@rolldown/binding-wasm32-wasi/node_modules/@napi-rs/wasm-runtime
npm warn     @napi-rs/wasm-runtime@"^1.1.6" from @rolldown/binding-wasm32-wasi@1.1.5
npm warn     node_modules/@rolldown/binding-wasm32-wasi
npm warn ERESOLVE overriding peer dependency
npm warn While resolving: @napi-rs/wasm-runtime@1.2.0
npm warn Found: @emnapi/core@1.10.0
npm warn node_modules/@emnapi/core
npm warn   @emnapi/core@"1.10.0" from @unrs/resolver-binding-wasm32-wasi@1.12.2
npm warn   node_modules/@unrs/resolver-binding-wasm32-wasi
npm warn     optional @unrs/resolver-binding-wasm32-wasi@"1.12.2" from unrs-resolver@1.12.2
npm warn     node_modules/unrs-resolver
npm warn
npm warn Could not resolve dependency:
npm warn peer @emnapi/core@"^2.0.0-alpha.3" from @napi-rs/wasm-runtime@1.2.0
npm warn node_modules/@unrs/resolver-binding-wasm32-wasi/node_modules/@napi-rs/wasm-runtime
npm warn   @napi-rs/wasm-runtime@"^1.1.4" from @unrs/resolver-binding-wasm32-wasi@1.12.2
npm warn   node_modules/@unrs/resolver-binding-wasm32-wasi
npm warn
npm warn Conflicting peer dependency: @emnapi/core@2.0.0-alpha.3
npm warn node_modules/@emnapi/core
npm warn   peer @emnapi/core@"^2.0.0-alpha.3" from @napi-rs/wasm-runtime@1.2.0
npm warn   node_modules/@unrs/resolver-binding-wasm32-wasi/node_modules/@napi-rs/wasm-runtime
npm warn     @napi-rs/wasm-runtime@"^1.1.4" from @unrs/resolver-binding-wasm32-wasi@1.12.2
npm warn     node_modules/@unrs/resolver-binding-wasm32-wasi
npm warn ERESOLVE overriding peer dependency
npm warn While resolving: @napi-rs/wasm-runtime@1.2.0
npm warn Found: @emnapi/runtime@1.10.0
npm warn node_modules/@unrs/resolver-binding-wasm32-wasi/node_modules/@emnapi/runtime
npm warn   @emnapi/runtime@"1.10.0" from @unrs/resolver-binding-wasm32-wasi@1.12.2
npm warn   node_modules/@unrs/resolver-binding-wasm32-wasi
npm warn     optional @unrs/resolver-binding-wasm32-wasi@"1.12.2" from unrs-resolver@1.12.2
npm warn     node_modules/unrs-resolver
npm warn
npm warn Could not resolve dependency:
npm warn peer @emnapi/runtime@"^2.0.0-alpha.3" from @napi-rs/wasm-runtime@1.2.0
npm warn node_modules/@unrs/resolver-binding-wasm32-wasi/node_modules/@napi-rs/wasm-runtime
npm warn   @napi-rs/wasm-runtime@"^1.1.4" from @unrs/resolver-binding-wasm32-wasi@1.12.2
npm warn   node_modules/@unrs/resolver-binding-wasm32-wasi
npm warn
npm warn Conflicting peer dependency: @emnapi/runtime@2.0.0-alpha.3
npm warn node_modules/@emnapi/runtime
npm warn   peer @emnapi/runtime@"^2.0.0-alpha.3" from @napi-rs/wasm-runtime@1.2.0
npm warn   node_modules/@unrs/resolver-binding-wasm32-wasi/node_modules/@napi-rs/wasm-runtime
npm warn     @napi-rs/wasm-runtime@"^1.1.4" from @unrs/resolver-binding-wasm32-wasi@1.12.2
npm warn     node_modules/@unrs/resolver-binding-wasm32-wasi
npm warn deprecated whatwg-encoding@3.1.1: Use @exodus/bytes instead for a more spec-conformant and faster implementation
npm warn deprecated node-domexception@1.0.0: Use your platform's native DOMException instead
npm warn deprecated glob@11.1.0: Old versions of glob are not supported, and contain widely publicized security vulnerabilities, which have been fixed in the current version. Please update. Support for old versions may be purchased (at exorbitant rates) by contacting i@izs.me
npm warn deprecated glob@10.5.0: Old versions of glob are not supported, and contain widely publicized security vulnerabilities, which have been fixed in the current version. Please update. Support for old versions may be purchased (at exorbitant rates) by contacting i@izs.me

> morfesu-website-definitive@0.1.0 prepare
> husky


added 619 packages, and audited 620 packages in 1m

217 packages are looking for funding
  run `npm fund` for details

19 high severity vulnerabilities

To address issues that do not require attention, run:
  npm audit fix

To address all issues (including breaking changes), run:
  npm audit fix --force

Run `npm audit` for details.
